// Jest Snapshot v1, https://goo.gl/fbAQLP

exports[`CampaignRewardsTable should return snapshot 1`] = `
ShallowWrapper {
  Symbol(enzyme.__root__): [Circular],
  Symbol(enzyme.__unrendered__): <MemoryRouter>
    <InjectIntl(CampaignRewardsTable)
      campaigns={
        Array [
          Object {
            "_id": "5e620da2fb97af17249e3f95",
            "activation_permlink": "activate-monterey-ln7osqo19e",
            "budget": 0.1,
            "completed": 0,
            "name": "TstCampa",
            "remaining": 1,
            "reserved": 0,
            "reward": 0.1,
            "status": "active",
            "type": "reviews",
          },
          Object {
            "_id": "5e38165d31b1bb6e49b265b6",
            "activation_permlink": "activate-monterey-4znrq130xhe",
            "budget": 0.2,
            "completed": 0,
            "name": "capa",
            "remaining": 0,
            "reserved": 0,
            "reward": 0.1,
            "status": "expired",
            "type": "reviews",
          },
          Object {
            "_id": "5e3815b431b1bb6e49b265b4",
            "activation_permlink": "activate-monterey-4p0t3jnbpmr",
            "budget": 0.1,
            "completed": 0,
            "name": "capaz1",
            "remaining": 0,
            "reserved": 0,
            "reward": 0.1,
            "status": "expired",
            "type": "reviews",
          },
        ]
      }
      userName="asd09"
    />
  </MemoryRouter>,
  Symbol(enzyme.__renderer__): Object {
    "batchedUpdates": [Function],
    "checkPropTypes": [Function],
    "getNode": [Function],
    "render": [Function],
    "simulateError": [Function],
    "simulateEvent": [Function],
    "unmount": [Function],
  },
  Symbol(enzyme.__node__): Object {
    "instance": null,
    "key": undefined,
    "nodeType": "class",
    "props": Object {
      "children": <InjectIntl(CampaignRewardsTable)
        campaigns={
          Array [
            Object {
              "_id": "5e620da2fb97af17249e3f95",
              "activation_permlink": "activate-monterey-ln7osqo19e",
              "budget": 0.1,
              "completed": 0,
              "name": "TstCampa",
              "remaining": 1,
              "reserved": 0,
              "reward": 0.1,
              "status": "active",
              "type": "reviews",
            },
            Object {
              "_id": "5e38165d31b1bb6e49b265b6",
              "activation_permlink": "activate-monterey-4znrq130xhe",
              "budget": 0.2,
              "completed": 0,
              "name": "capa",
              "remaining": 0,
              "reserved": 0,
              "reward": 0.1,
              "status": "expired",
              "type": "reviews",
            },
            Object {
              "_id": "5e3815b431b1bb6e49b265b4",
              "activation_permlink": "activate-monterey-4p0t3jnbpmr",
              "budget": 0.1,
              "completed": 0,
              "name": "capaz1",
              "remaining": 0,
              "reserved": 0,
              "reward": 0.1,
              "status": "expired",
              "type": "reviews",
            },
          ]
        }
        userName="asd09"
      />,
      "history": Object {
        "action": "POP",
        "block": [Function],
        "canGo": [Function],
        "createHref": [Function],
        "entries": Array [
          Object {
            "hash": "",
            "key": "u2j4pk",
            "pathname": "/",
            "search": "",
            "state": undefined,
          },
        ],
        "go": [Function],
        "goBack": [Function],
        "goForward": [Function],
        "index": 0,
        "length": 1,
        "listen": [Function],
        "location": Object {
          "hash": "",
          "key": "u2j4pk",
          "pathname": "/",
          "search": "",
          "state": undefined,
        },
        "push": [Function],
        "replace": [Function],
      },
    },
    "ref": null,
    "rendered": Object {
      "instance": null,
      "key": undefined,
      "nodeType": "class",
      "props": Object {
        "campaigns": Array [
          Object {
            "_id": "5e620da2fb97af17249e3f95",
            "activation_permlink": "activate-monterey-ln7osqo19e",
            "budget": 0.1,
            "completed": 0,
            "name": "TstCampa",
            "remaining": 1,
            "reserved": 0,
            "reward": 0.1,
            "status": "active",
            "type": "reviews",
          },
          Object {
            "_id": "5e38165d31b1bb6e49b265b6",
            "activation_permlink": "activate-monterey-4znrq130xhe",
            "budget": 0.2,
            "completed": 0,
            "name": "capa",
            "remaining": 0,
            "reserved": 0,
            "reward": 0.1,
            "status": "expired",
            "type": "reviews",
          },
          Object {
            "_id": "5e3815b431b1bb6e49b265b4",
            "activation_permlink": "activate-monterey-4p0t3jnbpmr",
            "budget": 0.1,
            "completed": 0,
            "name": "capaz1",
            "remaining": 0,
            "reserved": 0,
            "reward": 0.1,
            "status": "expired",
            "type": "reviews",
          },
        ],
        "userName": "asd09",
      },
      "ref": null,
      "rendered": null,
      "type": [Function],
    },
    "type": [Function],
  },
  Symbol(enzyme.__nodes__): Array [
    Object {
      "instance": null,
      "key": undefined,
      "nodeType": "class",
      "props": Object {
        "children": <InjectIntl(CampaignRewardsTable)
          campaigns={
            Array [
              Object {
                "_id": "5e620da2fb97af17249e3f95",
                "activation_permlink": "activate-monterey-ln7osqo19e",
                "budget": 0.1,
                "completed": 0,
                "name": "TstCampa",
                "remaining": 1,
                "reserved": 0,
                "reward": 0.1,
                "status": "active",
                "type": "reviews",
              },
              Object {
                "_id": "5e38165d31b1bb6e49b265b6",
                "activation_permlink": "activate-monterey-4znrq130xhe",
                "budget": 0.2,
                "completed": 0,
                "name": "capa",
                "remaining": 0,
                "reserved": 0,
                "reward": 0.1,
                "status": "expired",
                "type": "reviews",
              },
              Object {
                "_id": "5e3815b431b1bb6e49b265b4",
                "activation_permlink": "activate-monterey-4p0t3jnbpmr",
                "budget": 0.1,
                "completed": 0,
                "name": "capaz1",
                "remaining": 0,
                "reserved": 0,
                "reward": 0.1,
                "status": "expired",
                "type": "reviews",
              },
            ]
          }
          userName="asd09"
        />,
        "history": Object {
          "action": "POP",
          "block": [Function],
          "canGo": [Function],
          "createHref": [Function],
          "entries": Array [
            Object {
              "hash": "",
              "key": "u2j4pk",
              "pathname": "/",
              "search": "",
              "state": undefined,
            },
          ],
          "go": [Function],
          "goBack": [Function],
          "goForward": [Function],
          "index": 0,
          "length": 1,
          "listen": [Function],
          "location": Object {
            "hash": "",
            "key": "u2j4pk",
            "pathname": "/",
            "search": "",
            "state": undefined,
          },
          "push": [Function],
          "replace": [Function],
        },
      },
      "ref": null,
      "rendered": Object {
        "instance": null,
        "key": undefined,
        "nodeType": "class",
        "props": Object {
          "campaigns": Array [
            Object {
              "_id": "5e620da2fb97af17249e3f95",
              "activation_permlink": "activate-monterey-ln7osqo19e",
              "budget": 0.1,
              "completed": 0,
              "name": "TstCampa",
              "remaining": 1,
              "reserved": 0,
              "reward": 0.1,
              "status": "active",
              "type": "reviews",
            },
            Object {
              "_id": "5e38165d31b1bb6e49b265b6",
              "activation_permlink": "activate-monterey-4znrq130xhe",
              "budget": 0.2,
              "completed": 0,
              "name": "capa",
              "remaining": 0,
              "reserved": 0,
              "reward": 0.1,
              "status": "expired",
              "type": "reviews",
            },
            Object {
              "_id": "5e3815b431b1bb6e49b265b4",
              "activation_permlink": "activate-monterey-4p0t3jnbpmr",
              "budget": 0.1,
              "completed": 0,
              "name": "capaz1",
              "remaining": 0,
              "reserved": 0,
              "reward": 0.1,
              "status": "expired",
              "type": "reviews",
            },
          ],
          "userName": "asd09",
        },
        "ref": null,
        "rendered": null,
        "type": [Function],
      },
      "type": [Function],
    },
  ],
  Symbol(enzyme.__options__): Object {
    "adapter": ReactSixteenAdapter {
      "options": Object {
        "enableComponentDidUpdateOnSetState": true,
        "legacyContextMode": "parent",
        "lifecycles": Object {
          "componentDidUpdate": Object {
            "onSetState": true,
          },
          "getChildContext": Object {
            "calledByRenderer": false,
          },
          "getDerivedStateFromError": true,
          "getDerivedStateFromProps": Object {
            "hasShouldComponentUpdateBug": false,
          },
          "getSnapshotBeforeUpdate": true,
          "setState": Object {
            "skipsComponentDidUpdateOnNullish": true,
          },
        },
      },
    },
    Symbol(enzyme.__providerValues__): undefined,
  },
  Symbol(enzyme.__providerValues__): Map {},
  Symbol(enzyme.__childContext__): null,
}
`;
