// Jest Snapshot v1, https://goo.gl/fbAQLP

exports[`Details renders and matches snapshot 1`] = `
ShallowWrapper {
  Symbol(enzyme.__root__): [Circular],
  Symbol(enzyme.__unrendered__): <IntlProvider>
    <InjectIntl(Details)
      assigned={null}
      isModalDetailsOpen={true}
      isReserved={false}
      isReviewDetails={false}
      loading={false}
      objectDetails={
        Object {
          "__v": 0,
          "_id": "5e5e6a33fb97af17249e3f7f",
          "activation_permlink": "activate-monterey-7y5q4n886t5",
          "agreementObjects": Array [],
          "app": "waiviodev",
          "blacklist_users": Array [],
          "budget": 1,
          "commissionAgreement": 0.05,
          "compensationAccount": "",
          "count_objects": 1,
          "count_reservation_days": 7,
          "count_users": 0,
          "createdAt": "2020-03-03T14:31:15.970Z",
          "existAssigns": Array [],
          "expired_at": "2020-03-07T14:31:11.877Z",
          "frequency_assign": 0,
          "frequency_exceed": false,
          "guide": Object {
            "alias": "Alex Grigurko",
            "name": "alexeygrigurko",
            "totalPayed": 1.819,
            "wobjects_weight": 1496742.3025625013,
          },
          "is_sponsor_blacklist": false,
          "match_bots": Array [],
          "max_assign_count": 1,
          "name": "Testing123",
          "objects": Array [
            Object {
              "assigned": null,
              "count_users": 0,
              "object": Object {},
              "permlink": null,
            },
          ],
          "payments": Array [],
          "requiredObject": "testing123",
          "required_object": Object {},
          "requirement_filters": Object {
            "can_assign_by_budget": true,
            "can_assign_by_current_day": true,
            "expertise": false,
            "followers": true,
            "freeReservation": true,
            "frequency": true,
            "not_blacklisted": true,
            "posts": true,
          },
          "requirements": Object {
            "minPhotos": 0,
            "receiptPhoto": false,
          },
          "reservation_timetable": Object {},
          "reserved_users": Array [],
          "reward": 0.001,
          "sponsors_blacklist": Array [],
          "status": "active",
          "type": "reviews",
          "updatedAt": "2020-03-03T14:31:25.908Z",
          "userRequirements": Object {
            "minExpertise": 1,
            "minFollowers": 2,
            "minPosts": 3,
          },
          "usersLegalNotice": "",
          "whitelist_users": Array [],
        }
      }
      proposedWobj={
        Object {
          "__v": 0,
          "_id": "5cf76fdb9619f621832a05ca",
          "app": "waiviodev/1.0.0",
          "author": "x6oc5",
          "author_permlink": "testnet",
        }
      }
      requiredObjectName="testing123"
    />
  </IntlProvider>,
  Symbol(enzyme.__renderer__): Object {
    "batchedUpdates": [Function],
    "checkPropTypes": [Function],
    "getNode": [Function],
    "render": [Function],
    "simulateError": [Function],
    "simulateEvent": [Function],
    "unmount": [Function],
  },
  Symbol(enzyme.__node__): Object {
    "instance": null,
    "key": undefined,
    "nodeType": "class",
    "props": Object {
      "assigned": null,
      "isModalDetailsOpen": true,
      "isReserved": false,
      "isReviewDetails": false,
      "loading": false,
      "objectDetails": Object {
        "__v": 0,
        "_id": "5e5e6a33fb97af17249e3f7f",
        "activation_permlink": "activate-monterey-7y5q4n886t5",
        "agreementObjects": Array [],
        "app": "waiviodev",
        "blacklist_users": Array [],
        "budget": 1,
        "commissionAgreement": 0.05,
        "compensationAccount": "",
        "count_objects": 1,
        "count_reservation_days": 7,
        "count_users": 0,
        "createdAt": "2020-03-03T14:31:15.970Z",
        "existAssigns": Array [],
        "expired_at": "2020-03-07T14:31:11.877Z",
        "frequency_assign": 0,
        "frequency_exceed": false,
        "guide": Object {
          "alias": "Alex Grigurko",
          "name": "alexeygrigurko",
          "totalPayed": 1.819,
          "wobjects_weight": 1496742.3025625013,
        },
        "is_sponsor_blacklist": false,
        "match_bots": Array [],
        "max_assign_count": 1,
        "name": "Testing123",
        "objects": Array [
          Object {
            "assigned": null,
            "count_users": 0,
            "object": Object {},
            "permlink": null,
          },
        ],
        "payments": Array [],
        "requiredObject": "testing123",
        "required_object": Object {},
        "requirement_filters": Object {
          "can_assign_by_budget": true,
          "can_assign_by_current_day": true,
          "expertise": false,
          "followers": true,
          "freeReservation": true,
          "frequency": true,
          "not_blacklisted": true,
          "posts": true,
        },
        "requirements": Object {
          "minPhotos": 0,
          "receiptPhoto": false,
        },
        "reservation_timetable": Object {},
        "reserved_users": Array [],
        "reward": 0.001,
        "sponsors_blacklist": Array [],
        "status": "active",
        "type": "reviews",
        "updatedAt": "2020-03-03T14:31:25.908Z",
        "userRequirements": Object {
          "minExpertise": 1,
          "minFollowers": 2,
          "minPosts": 3,
        },
        "usersLegalNotice": "",
        "whitelist_users": Array [],
      },
      "proposedWobj": Object {
        "__v": 0,
        "_id": "5cf76fdb9619f621832a05ca",
        "app": "waiviodev/1.0.0",
        "author": "x6oc5",
        "author_permlink": "testnet",
      },
      "requiredObjectName": "testing123",
    },
    "ref": null,
    "rendered": null,
    "type": [Function],
  },
  Symbol(enzyme.__nodes__): Array [
    Object {
      "instance": null,
      "key": undefined,
      "nodeType": "class",
      "props": Object {
        "assigned": null,
        "isModalDetailsOpen": true,
        "isReserved": false,
        "isReviewDetails": false,
        "loading": false,
        "objectDetails": Object {
          "__v": 0,
          "_id": "5e5e6a33fb97af17249e3f7f",
          "activation_permlink": "activate-monterey-7y5q4n886t5",
          "agreementObjects": Array [],
          "app": "waiviodev",
          "blacklist_users": Array [],
          "budget": 1,
          "commissionAgreement": 0.05,
          "compensationAccount": "",
          "count_objects": 1,
          "count_reservation_days": 7,
          "count_users": 0,
          "createdAt": "2020-03-03T14:31:15.970Z",
          "existAssigns": Array [],
          "expired_at": "2020-03-07T14:31:11.877Z",
          "frequency_assign": 0,
          "frequency_exceed": false,
          "guide": Object {
            "alias": "Alex Grigurko",
            "name": "alexeygrigurko",
            "totalPayed": 1.819,
            "wobjects_weight": 1496742.3025625013,
          },
          "is_sponsor_blacklist": false,
          "match_bots": Array [],
          "max_assign_count": 1,
          "name": "Testing123",
          "objects": Array [
            Object {
              "assigned": null,
              "count_users": 0,
              "object": Object {},
              "permlink": null,
            },
          ],
          "payments": Array [],
          "requiredObject": "testing123",
          "required_object": Object {},
          "requirement_filters": Object {
            "can_assign_by_budget": true,
            "can_assign_by_current_day": true,
            "expertise": false,
            "followers": true,
            "freeReservation": true,
            "frequency": true,
            "not_blacklisted": true,
            "posts": true,
          },
          "requirements": Object {
            "minPhotos": 0,
            "receiptPhoto": false,
          },
          "reservation_timetable": Object {},
          "reserved_users": Array [],
          "reward": 0.001,
          "sponsors_blacklist": Array [],
          "status": "active",
          "type": "reviews",
          "updatedAt": "2020-03-03T14:31:25.908Z",
          "userRequirements": Object {
            "minExpertise": 1,
            "minFollowers": 2,
            "minPosts": 3,
          },
          "usersLegalNotice": "",
          "whitelist_users": Array [],
        },
        "proposedWobj": Object {
          "__v": 0,
          "_id": "5cf76fdb9619f621832a05ca",
          "app": "waiviodev/1.0.0",
          "author": "x6oc5",
          "author_permlink": "testnet",
        },
        "requiredObjectName": "testing123",
      },
      "ref": null,
      "rendered": null,
      "type": [Function],
    },
  ],
  Symbol(enzyme.__options__): Object {
    "adapter": ReactSixteenAdapter {
      "options": Object {
        "enableComponentDidUpdateOnSetState": true,
        "legacyContextMode": "parent",
        "lifecycles": Object {
          "componentDidUpdate": Object {
            "onSetState": true,
          },
          "getChildContext": Object {
            "calledByRenderer": false,
          },
          "getDerivedStateFromError": true,
          "getDerivedStateFromProps": Object {
            "hasShouldComponentUpdateBug": false,
          },
          "getSnapshotBeforeUpdate": true,
          "setState": Object {
            "skipsComponentDidUpdateOnNullish": true,
          },
        },
      },
    },
    Symbol(enzyme.__providerValues__): undefined,
  },
  Symbol(enzyme.__providerValues__): Map {},
  Symbol(enzyme.__childContext__): Object {
    "intl": Object {
      "defaultFormats": Object {},
      "defaultLocale": "en",
      "formatDate": [Function],
      "formatHTMLMessage": [Function],
      "formatMessage": [Function],
      "formatNumber": [Function],
      "formatPlural": [Function],
      "formatRelative": [Function],
      "formatTime": [Function],
      "formats": Object {},
      "formatters": Object {
        "getDateTimeFormat": [Function],
        "getMessageFormat": [Function],
        "getNumberFormat": [Function],
        "getPluralFormat": [Function],
        "getRelativeFormat": [Function],
      },
      "locale": "en",
      "messages": Object {},
      "now": [Function],
      "onError": [Function],
      "textComponent": "span",
      "timeZone": null,
    },
  },
}
`;
